ASxxxx Linker V03.00 + NoICE + sdld,  page 1.
Hexadecimal  [32-Bits]

Area                                    Addr        Size        Decimal Bytes (Attributes)
--------------------------------        ----        ----        ------- ----- ------------
CABS                                00000000    00000000 =           0. bytes (ABS,CON,CODE)

      Value  Global                              Global Defined In Module
      -----  --------------------------------   ------------------------
C:   00000000  l_BIT_BANK                      
C:   00000000  l_BSEG                          
C:   00000000  l_BSEG_BYTES                    
C:   00000000  l_CABS                          
C:   00000000  l_GSINIT                        
C:   00000000  l_GSINIT1                       
C:   00000000  l_GSINIT3                       
C:   00000000  l_GSINIT5                       
C:   00000000  l_IABS                          
C:   00000000  l_PSEG                          
C:   00000000  l_REG_BANK_1                    
C:   00000000  l_REG_BANK_2                    
C:   00000000  l_REG_BANK_3                    
C:   00000000  l_RSEG                          
C:   00000000  l_RSEG0                         
C:   00000000  l_RSEG1                         
C:   00000000  l_XABS                          
C:   00000000  l_XINIT                         
C:   00000000  l_XISEG                         
C:   00000000  l_XSEG                          
C:   00000000  l__CODE                         
C:   00000000  s_BSEG                          
C:   00000000  s_CABS                          
C:   00000000  s_DSEG                          
C:   00000000  s_HOME                          
C:   00000000  s_IABS                          
C:   00000000  s_PSEG                          
C:   00000000  s_REG_BANK_0                    
C:   00000000  s_RSEG                          
C:   00000000  s_RSEG0                         
C:   00000000  s_RSEG1                         
C:   00000000  s_XABS                          
C:   00000000  s_XISEG                         
C:   00000000  s_XSEG                          
C:   00000003  l_GSFINAL                       
C:   00000003  l_GSINIT0                       
C:   00000003  l_OSEG                          
C:   00000006  l_GSINIT4                       
C:   00000006  l_HOME                          
C:   00000006  l_ISEG                          
C:   00000006  s_GSINIT0                       
C:   00000008  l_REG_BANK_0                    
C:   00000008  s_REG_BANK_1                    
C:   00000009  s_GSINIT1                       
C:   00000009  s_GSINIT2                       
C:   0000000A  l_GSINIT2                       
C:   00000010  s_REG_BANK_2                    
C:   00000013  s_GSINIT3                       
C:   00000013  s_GSINIT4                       
C:   00000018  s_BIT_BANK                      
ASxxxx Linker V03.00 + NoICE + sdld,  page 2.
Hexadecimal  [32-Bits]

Area                                    Addr        Size        Decimal Bytes (Attributes)
--------------------------------        ----        ----        ------- ----- ------------
CABS                                00000000    00000000 =           0. bytes (ABS,CON,CODE)

      Value  Global                              Global Defined In Module
      -----  --------------------------------   ------------------------
C:   00000018  s_REG_BANK_3                    
C:   00000019  s_GSFINAL                       
C:   00000019  s_GSINIT                        
C:   00000019  s_GSINIT5                       
C:   0000001C  s_CSEG                          
C:   00000020  s_BSEG_BYTES                    
C:   00000020  s__CODE                         
C:   00000034  l_CONST                         
C:   00000057  s_OSEG                          
C:   0000005A  s_ISEG                          
C:   00000060  s_SSEG                          
C:   00000080  l_DSEG                          
C:   000000A0  l_SSEG                          
C:   00000100  l_IRAM                          
C:   0000111C  l_CSEG                          
C:   00001138  s_CONST                         
C:   0000116C  s_XINIT                         

ASxxxx Linker V03.00 + NoICE + sdld,  page 3.
Hexadecimal  [32-Bits]

Area                                    Addr        Size        Decimal Bytes (Attributes)
--------------------------------        ----        ----        ------- ----- ------------
.  .ABS.                            00000000    00000000 =           0. bytes (ABS,CON)

      Value  Global                              Global Defined In Module
      -----  --------------------------------   ------------------------
     00000000  .__.ABS.                           _fsrshift
     00000080  _P0                                lcd
     00000080  _P0_0                              lcd
     00000081  _P0_1                              lcd
     00000081  _SP                                lcd
     00000082  _DPL                               lcd
     00000082  _P0_2                              lcd
     00000083  _DPH                               lcd
     00000083  _P0_3                              lcd
     00000084  _P0_4                              lcd
     00000085  _P0_5                              lcd
     00000086  _P0_6                              lcd
     00000087  _P0_7                              lcd
     00000087  _PCON                              lcd
     00000088  _IT0                               lcd
     00000088  _TCON                              lcd
     00000089  _IE0                               lcd
     00000089  _TMOD                              lcd
     0000008A  _IT1                               lcd
     0000008A  _TL0                               lcd
     0000008B  _IE1                               lcd
     0000008B  _TL1                               lcd
     0000008C  _TH0                               lcd
     0000008C  _TR0                               lcd
     0000008D  _TF0                               lcd
     0000008D  _TH1                               lcd
     0000008E  _TR1                               lcd
     0000008F  _TF1                               lcd
     00000090  _P1                                lcd
     00000090  _P1_0                              lcd
     00000091  _P1_1                              lcd
     00000092  _P1_2                              lcd
     00000093  _P1_3                              lcd
     00000094  _P1_4                              lcd
     00000095  _P1_5                              lcd
     00000096  _P1_6                              lcd
     00000097  _P1_7                              lcd
     00000098  _RI                                lcd
     00000098  _SCON                              lcd
     00000099  _SBUF                              lcd
     00000099  _TI                                lcd
     0000009A  _RB8                               lcd
     0000009B  _TB8                               lcd
     0000009C  _REN                               lcd
     0000009D  _SM2                               lcd
     0000009E  _SM1                               lcd
     0000009F  _SM0                               lcd
     000000A0  _P2                                lcd
     000000A0  _P2_0                              lcd
     000000A1  _P2_1                              lcd
ASxxxx Linker V03.00 + NoICE + sdld,  page 4.
Hexadecimal  [32-Bits]

Area                                    Addr        Size        Decimal Bytes (Attributes)
--------------------------------        ----        ----        ------- ----- ------------
.  .ABS.                            00000000    00000000 =           0. bytes (ABS,CON)

      Value  Global                              Global Defined In Module
      -----  --------------------------------   ------------------------
     000000A2  _P2_2                              lcd
     000000A3  _P2_3                              lcd
     000000A4  _P2_4                              lcd
     000000A5  _P2_5                              lcd
     000000A6  _P2_6                              lcd
     000000A7  _P2_7                              lcd
     000000A8  _EX0                               lcd
     000000A8  _IE                                lcd
     000000A9  _ET0                               lcd
     000000AA  _EX1                               lcd
     000000AB  _ET1                               lcd
     000000AC  _ES                                lcd
     000000AF  _EA                                lcd
     000000B0  _P3                                lcd
     000000B0  _P3_0                              lcd
     000000B0  _RXD                               lcd
     000000B1  _P3_1                              lcd
     000000B1  _TXD                               lcd
     000000B2  _INT0                              lcd
     000000B2  _P3_2                              lcd
     000000B3  _INT1                              lcd
     000000B3  _P3_3                              lcd
     000000B4  _P3_4                              lcd
     000000B4  _T0                                lcd
     000000B5  _P3_5                              lcd
     000000B5  _T1                                lcd
     000000B6  _P3_6                              lcd
     000000B6  _WR                                lcd
     000000B7  _P3_7                              lcd
     000000B7  _RD                                lcd
     000000B8  _IP                                lcd
     000000B8  _PX0                               lcd
     000000B9  _PT0                               lcd
     000000BA  _PX1                               lcd
     000000BB  _PT1                               lcd
     000000BC  _PS                                lcd
     000000D0  _P                                 lcd
     000000D0  _PSW                               lcd
     000000D1  _F1                                lcd
     000000D2  _OV                                lcd
     000000D3  _RS0                               lcd
     000000D4  _RS1                               lcd
     000000D5  _F0                                lcd
     000000D6  _AC                                lcd
     000000D7  _CY                                lcd
     000000E0  _ACC                               lcd
     000000F0  _B                                 lcd
     000000F5  _B_5                               _gptrput
     000000F6  _B_6                               _gptrput
     000000F7  _B_7                               _gptrput

ASxxxx Linker V03.00 + NoICE + sdld,  page 5.
Hexadecimal  [32-Bits]

Area                                    Addr        Size        Decimal Bytes (Attributes)
--------------------------------        ----        ----        ------- ----- ------------
REG_BANK_0                          00000000    00000008 =           8. bytes (REL,OVR)

      Value  Global                              Global Defined In Module
      -----  --------------------------------   ------------------------
ASxxxx Linker V03.00 + NoICE + sdld,  page 6.
Hexadecimal  [32-Bits]

Area                                    Addr        Size        Decimal Bytes (Attributes)
--------------------------------        ----        ----        ------- ----- ------------
DSEG                                00000000    00000080 =         128. bytes (REL,CON)

      Value  Global                              Global Defined In Module
      -----  --------------------------------   ------------------------
     00000021  _gotoxy_lcd_PARM_2                 lcd
     00000022  _vsprintf_PARM_2                   sprintf
     00000025  _vsprintf_PARM_3                   sprintf
     00000029  _bp                                _bp
     00000037  __print_format_PARM_2              printf_large
     0000003A  __print_format_PARM_3              printf_large
     0000003D  __print_format_PARM_4              printf_large

ASxxxx Linker V03.00 + NoICE + sdld,  page 7.
Hexadecimal  [32-Bits]

Area                                    Addr        Size        Decimal Bytes (Attributes)
--------------------------------        ----        ----        ------- ----- ------------
OSEG                                00000057    00000003 =           3. bytes (REL,OVR)

      Value  Global                              Global Defined In Module
      -----  --------------------------------   ------------------------
     00000057  __divsint_PARM_2                   _divuint
     00000057  __divuint_PARM_2                   _divuint
     00000057  __gptrput_PARM_2                   _gptrput
     00000057  __modsint_PARM_2                   _moduint
     00000057  __moduint_PARM_2                   _moduint
     00000057  __mulint_PARM_2                    _mulint
ASxxxx Linker V03.00 + NoICE + sdld,  page 8.
Hexadecimal  [32-Bits]

Area                                    Addr        Size        Decimal Bytes (Attributes)
--------------------------------        ----        ----        ------- ----- ------------
ISEG                                0000005A    00000006 =           6. bytes (REL,CON)

      Value  Global                              Global Defined In Module
      -----  --------------------------------   ------------------------
ASxxxx Linker V03.00 + NoICE + sdld,  page 9.
Hexadecimal  [32-Bits]

Area                                    Addr        Size        Decimal Bytes (Attributes)
--------------------------------        ----        ----        ------- ----- ------------
SSEG                                00000060    000000A0 =         160. bytes (REL,OVR)

      Value  Global                              Global Defined In Module
      -----  --------------------------------   ------------------------
     00000060  __start__stack                     main

ASxxxx Linker V03.00 + NoICE + sdld,  page 10.
Hexadecimal  [32-Bits]

Area                                    Addr        Size        Decimal Bytes (Attributes)
--------------------------------        ----        ----        ------- ----- ------------
HOME                                00000000    00000006 =           6. bytes (REL,CON,CODE)

      Value  Global                              Global Defined In Module
      -----  --------------------------------   ------------------------
C:   00000003  __sdcc_program_startup             main

ASxxxx Linker V03.00 + NoICE + sdld,  page 11.
Hexadecimal  [32-Bits]

Area                                    Addr        Size        Decimal Bytes (Attributes)
--------------------------------        ----        ----        ------- ----- ------------
GSINIT0                             00000006    00000003 =           3. bytes (REL,CON,CODE)

      Value  Global                              Global Defined In Module
      -----  --------------------------------   ------------------------
C:   00000006  __sdcc_gsinit_startup              

ASxxxx Linker V03.00 + NoICE + sdld,  page 12.
Hexadecimal  [32-Bits]

Area                                    Addr        Size        Decimal Bytes (Attributes)
--------------------------------        ----        ----        ------- ----- ------------
GSINIT2                             00000009    0000000A =          10. bytes (REL,CON,CODE)

      Value  Global                              Global Defined In Module
      -----  --------------------------------   ------------------------
ASxxxx Linker V03.00 + NoICE + sdld,  page 13.
Hexadecimal  [32-Bits]

Area                                    Addr        Size        Decimal Bytes (Attributes)
--------------------------------        ----        ----        ------- ----- ------------
GSINIT4                             00000013    00000006 =           6. bytes (REL,CON,CODE)

      Value  Global                              Global Defined In Module
      -----  --------------------------------   ------------------------
C:   00000013  __mcs51_genRAMCLEAR                

ASxxxx Linker V03.00 + NoICE + sdld,  page 14.
Hexadecimal  [32-Bits]

Area                                    Addr        Size        Decimal Bytes (Attributes)
--------------------------------        ----        ----        ------- ----- ------------
GSFINAL                             00000019    00000003 =           3. bytes (REL,CON,CODE)

      Value  Global                              Global Defined In Module
      -----  --------------------------------   ------------------------
ASxxxx Linker V03.00 + NoICE + sdld,  page 15.
Hexadecimal  [32-Bits]

Area                                    Addr        Size        Decimal Bytes (Attributes)
--------------------------------        ----        ----        ------- ----- ------------
CSEG                                0000001C    0000111C =        4380. bytes (REL,CON,CODE)

      Value  Global                              Global Defined In Module
      -----  --------------------------------   ------------------------
C:   0000001C  _InitADC0831                       adc
C:   00000023  _ReadADC0831                       adc
C:   00000043  _delay_ms                          delay
C:   00000072  _main                              main
C:   0000022C  _delay_lcd                         lcd
C:   00000255  _write_nibble_lcd                  lcd
C:   00000282  _write_lcd                         lcd
C:   00000299  _init_lcd                          lcd
C:   000002CE  _gotoxy_lcd                        lcd
C:   000002F3  _putc_lcd                          lcd
C:   000002F8  _print_lcd                         lcd
C:   00000345  _clear_lcd                         lcd
C:   0000034B  __divuint                          _divuint
C:   00000374  ___fsmul                           _fsmul
C:   00000417  fsgetargs                          _fsget2args
C:   00000445  fs_normalize_a                     _fsnormalize
C:   00000478  __moduint                          _moduint
C:   00000535  _vsprintf                          sprintf
C:   00000572  _sprintf                           sprintf
C:   000005BF  ___fs2sint                         _fs2sint
C:   000005F3  ___uint2fs                         _uint2fs
C:   000005FF  fs_round_and_return                _fsreturnval
C:   00000617  fs_zerocheck_return                _fsreturnval
C:   00000620  fs_return_zero                     _fsreturnval
C:   00000628  fs_direct_return                   _fsreturnval
C:   00000636  fs_return_inf                      _fsreturnval
C:   00000643  fs_return_nan                      _fsreturnval
C:   000006EC  __print_format                     printf_large
C:   00000ED4  _strlen                            _strlen
C:   00000EEC  __mulint                           _mulint
C:   00000EEC  __mulint_dummy                     _mulint
C:   00000F09  ___fsdiv                           _fsdiv
C:   00000FCC  __gptrget                          _gptrget
C:   00000FE8  __modsint                          _modsint
C:   0000101E  ___ulong2fs                        _ulong2fs
C:   00001027  ulong2fs_doit                      _ulong2fs
C:   00001031  __divsint                          _divsint
C:   00001069  ___fs2slong                        _fs2slong
C:   000010C4  __sdcc_external_startup            _startup
C:   000010C8  fsgetarg                           _fsget1arg
C:   000010DA  __gptrput                          _gptrput
C:   000010F5  fs_rshift_a                        _fsrshift
ASxxxx Linker V03.00 + NoICE + sdld,  page 16.
Hexadecimal  [32-Bits]

Area                                    Addr        Size        Decimal Bytes (Attributes)
--------------------------------        ----        ----        ------- ----- ------------
CONST                               00001138    00000034 =          52. bytes (REL,CON,CODE)

      Value  Global                              Global Defined In Module
      -----  --------------------------------   ------------------------
ASxxxx Linker V03.00 + NoICE + sdld,  page 17.

Files Linked                              [ module(s) ]

obj/adc.c.rel                             [  ]
obj/delay.c.rel                           [  ]
obj/main.c.rel                            [  ]
obj/lcd.c.rel                             [  ]


Libraries Linked                          [ object file ]

C:\Program Files\SDCC\bin\..\lib\small/libint.lib
                                          [ _divuint.rel ]
C:\Program Files\SDCC\bin\..\lib\small/libfloat.lib
                                          [ _fsmul.rel ]
C:\Program Files\SDCC\bin\..\lib\small/libfloat.lib
                                          [ _fsget2args.rel ]
C:\Program Files\SDCC\bin\..\lib\small/mcs51.lib
                                          [ crtclear.rel ]
C:\Program Files\SDCC\bin\..\lib\small/libfloat.lib
                                          [ _fsnormalize.rel ]
C:\Program Files\SDCC\bin\..\lib\small/libint.lib
                                          [ _moduint.rel ]
C:\Program Files\SDCC\bin\..\lib\small/libsdcc.lib
                                          [ sprintf.rel ]
C:\Program Files\SDCC\bin\..\lib\small/libfloat.lib
                                          [ _fs2sint.rel ]
C:\Program Files\SDCC\bin\..\lib\small/libfloat.lib
                                          [ _uint2fs.rel ]
C:\Program Files\SDCC\bin\..\lib\small/libsdcc.lib
                                          [ _bp.rel ]
C:\Program Files\SDCC\bin\..\lib\small/libfloat.lib
                                          [ _fsreturnval.rel ]
C:\Program Files\SDCC\bin\..\lib\small/libsdcc.lib
                                          [ printf_large.rel ]
C:\Program Files\SDCC\bin\..\lib\small/libsdcc.lib
                                          [ _strlen.rel ]
C:\Program Files\SDCC\bin\..\lib\small/libint.lib
                                          [ _mulint.rel ]
C:\Program Files\SDCC\bin\..\lib\small/libfloat.lib
                                          [ _fsdiv.rel ]
C:\Program Files\SDCC\bin\..\lib\small/mcs51.lib
                                          [ crtstart.rel ]
C:\Program Files\SDCC\bin\..\lib\small/libsdcc.lib
                                          [ _gptrget.rel ]
C:\Program Files\SDCC\bin\..\lib\small/libint.lib
                                          [ _modsint.rel ]
C:\Program Files\SDCC\bin\..\lib\small/libfloat.lib
                                          [ _ulong2fs.rel ]
C:\Program Files\SDCC\bin\..\lib\small/libint.lib
                                          [ _divsint.rel ]
C:\Program Files\SDCC\bin\..\lib\small/libfloat.lib
                                          [ _fs2slong.rel ]
C:\Program Files\SDCC\bin\..\lib\small/libsdcc.lib
                                          [ _startup.rel ]
C:\Program Files\SDCC\bin\..\lib\small/libfloat.lib
                                          [ _fsget1arg.rel ]
C:\Program Files\SDCC\bin\..\lib\small/libsdcc.lib
                                          [ _gptrput.rel ]
C:\Program Files\SDCC\bin\..\lib\small/libfloat.lib
                                          [ _fsrshift.rel ]

ASxxxx Linker V03.00 + NoICE + sdld,  page 18.

User Base Address Definitions

HOME = 0x0000
ISEG = 0x0000
BSEG = 0x0000

